// Jest Snapshot v1, https://goo.gl/fbAQLP

exports[`<EditProfil /> shallow rendering Match to snapshot 1`] = `undefined`;
