// Jest Snapshot v1, https://goo.gl/fbAQLP

exports[`<Loader /> shallow rendering Match to snapshot 1`] = `
<div
  className="loader"
>
  <div
    className="leftEye"
  />
  <div
    className="rightEye"
  />
  <div
    className="mouth"
  />
</div>
`;
