// Jest Snapshot v1, https://goo.gl/fbAQLP

exports[`<NoMatch /> shallow rendering Match to snapshot 1`] = `
<h2
  className="sn_title"
/>
`;
