// Jest Snapshot v1, https://goo.gl/fbAQLP

exports[`<App /> shallow rendering Match to snapshot 1`] = `
<Route
  render={[Function]}
/>
`;
